<?xml version="1.0" encoding="UTF-8"?>
<TestRun id="32e4cefa-b4e1-45f2-84ef-2ed655e3cc07" name="Emmanuel@EMMANUEL-PC 2013-01-12 19:34:32" runUser="Emmanuel-PC\Emmanuel" xmlns="http://microsoft.com/schemas/VisualStudio/TeamTest/2010">
  <TestSettings name="Paramètres de test par défaut" id="3e9e25d0-0049-4a31-9556-4a539b762206">
    <Deployment runDeploymentRoot="Emmanuel_EMMANUEL-PC 2013-01-12 19_34_32">
      <DeploymentItem filename="C:\Users\Emmanuel\Desktop\siabd\projet\projetSIABD\projetSIABD\bin\projetSIABD.dll" />
    </Deployment>
    <Execution>
      <TestTypeSpecific />
      <AgentRule name="Execution Agents">
      </AgentRule>
    </Execution>
  </TestSettings>
  <Times creation="2013-01-12T19:34:32.1977183+01:00" queuing="2013-01-12T19:34:32.9597619+01:00" start="2013-01-12T19:34:33.0207654+01:00" finish="2013-01-12T19:34:34.1968326+01:00" />
  <ResultSummary outcome="Completed">
    <Counters total="17" executed="17" passed="17" error="0" failed="0" timeout="0" aborted="0" inconclusive="0" passedButRunAborted="0" notRunnable="0" notExecuted="0" disconnected="0" warning="0" completed="0" inProgress="0" pending="0" />
  </ResultSummary>
  <TestDefinitions>
    <UnitTest name="Register_Post_ReturnsViewIfModelStateIsInvalid" storage="c:\users\emmanuel\desktop\siabd\projet\projetsiabd\projetsiabd.tests\bin\debug\projetsiabd.tests.dll" id="b0e15bb5-66eb-1e24-6ae3-55f2dc425e75">
      <Execution id="ff8843e4-925c-462a-8aa1-39fa1ac876f4" />
      <TestMethod codeBase="C:/Users/Emmanuel/Desktop/siabd/projet/projetSIABD/projetSIABD.Tests/bin/Debug/projetSIABD.Tests.DLL" adapterTypeName="Microsoft.VisualStudio.TestTools.TestTypes.Unit.UnitTestAdapter, Microsoft.VisualStudio.QualityTools.Tips.UnitTest.Adapter, Version=10.0.0.0, Culture=neutral, PublicKeyToken=b03f5f7f11d50a3a" className="projetSIABD.Tests.Controllers.AccountControllerTest, projetSIABD.Tests, Version=1.0.0.0, Culture=neutral, PublicKeyToken=null" name="Register_Post_ReturnsViewIfModelStateIsInvalid" />
    </UnitTest>
    <UnitTest name="Register_Get_ReturnsView" storage="c:\users\emmanuel\desktop\siabd\projet\projetsiabd\projetsiabd.tests\bin\debug\projetsiabd.tests.dll" id="a41d7477-b448-cf21-9d1b-32930fd14623">
      <Execution id="ae4fdb67-6d25-4115-bd4d-19a2ce54668f" />
      <TestMethod codeBase="C:/Users/Emmanuel/Desktop/siabd/projet/projetSIABD/projetSIABD.Tests/bin/Debug/projetSIABD.Tests.DLL" adapterTypeName="Microsoft.VisualStudio.TestTools.TestTypes.Unit.UnitTestAdapter, Microsoft.VisualStudio.QualityTools.Tips.UnitTest.Adapter, Version=10.0.0.0, Culture=neutral, PublicKeyToken=b03f5f7f11d50a3a" className="projetSIABD.Tests.Controllers.AccountControllerTest, projetSIABD.Tests, Version=1.0.0.0, Culture=neutral, PublicKeyToken=null" name="Register_Get_ReturnsView" />
    </UnitTest>
    <UnitTest name="ChangePassword_Post_ReturnsViewIfModelStateIsInvalid" storage="c:\users\emmanuel\desktop\siabd\projet\projetsiabd\projetsiabd.tests\bin\debug\projetsiabd.tests.dll" id="9ad0fbbf-2966-36c0-0bae-d70e8c8655e6">
      <Execution id="0cedf7db-6a7d-4be8-9e66-bf5f10f9ed5b" />
      <TestMethod codeBase="C:/Users/Emmanuel/Desktop/siabd/projet/projetSIABD/projetSIABD.Tests/bin/Debug/projetSIABD.Tests.DLL" adapterTypeName="Microsoft.VisualStudio.TestTools.TestTypes.Unit.UnitTestAdapter, Microsoft.VisualStudio.QualityTools.Tips.UnitTest.Adapter, Version=10.0.0.0, Culture=neutral, PublicKeyToken=b03f5f7f11d50a3a" className="projetSIABD.Tests.Controllers.AccountControllerTest, projetSIABD.Tests, Version=1.0.0.0, Culture=neutral, PublicKeyToken=null" name="ChangePassword_Post_ReturnsViewIfModelStateIsInvalid" />
    </UnitTest>
    <UnitTest name="Register_Post_ReturnsRedirectOnSuccess" storage="c:\users\emmanuel\desktop\siabd\projet\projetsiabd\projetsiabd.tests\bin\debug\projetsiabd.tests.dll" id="50136e7f-047e-2233-eda8-527ac172e89b">
      <Execution id="4a812988-cf18-4b4b-95af-7507848535b6" />
      <TestMethod codeBase="C:/Users/Emmanuel/Desktop/siabd/projet/projetSIABD/projetSIABD.Tests/bin/Debug/projetSIABD.Tests.DLL" adapterTypeName="Microsoft.VisualStudio.TestTools.TestTypes.Unit.UnitTestAdapter, Microsoft.VisualStudio.QualityTools.Tips.UnitTest.Adapter, Version=10.0.0.0, Culture=neutral, PublicKeyToken=b03f5f7f11d50a3a" className="projetSIABD.Tests.Controllers.AccountControllerTest, projetSIABD.Tests, Version=1.0.0.0, Culture=neutral, PublicKeyToken=null" name="Register_Post_ReturnsRedirectOnSuccess" />
    </UnitTest>
    <UnitTest name="LogOn_Get_ReturnsView" storage="c:\users\emmanuel\desktop\siabd\projet\projetsiabd\projetsiabd.tests\bin\debug\projetsiabd.tests.dll" id="5ee921fc-a044-8942-f86f-77749095dc40">
      <Execution id="c2fca099-4e26-43bc-aa06-926bd06b60d5" />
      <TestMethod codeBase="C:/Users/Emmanuel/Desktop/siabd/projet/projetSIABD/projetSIABD.Tests/bin/Debug/projetSIABD.Tests.DLL" adapterTypeName="Microsoft.VisualStudio.TestTools.TestTypes.Unit.UnitTestAdapter, Microsoft.VisualStudio.QualityTools.Tips.UnitTest.Adapter, Version=10.0.0.0, Culture=neutral, PublicKeyToken=b03f5f7f11d50a3a" className="projetSIABD.Tests.Controllers.AccountControllerTest, projetSIABD.Tests, Version=1.0.0.0, Culture=neutral, PublicKeyToken=null" name="LogOn_Get_ReturnsView" />
    </UnitTest>
    <UnitTest name="Index" storage="c:\users\emmanuel\desktop\siabd\projet\projetsiabd\projetsiabd.tests\bin\debug\projetsiabd.tests.dll" id="5dd20394-cfe9-ad1e-4792-410aa2308cfa">
      <Execution id="f4d7a053-e15b-419a-81f7-bf0812bce3fe" />
      <TestMethod codeBase="C:/Users/Emmanuel/Desktop/siabd/projet/projetSIABD/projetSIABD.Tests/bin/Debug/projetSIABD.Tests.DLL" adapterTypeName="Microsoft.VisualStudio.TestTools.TestTypes.Unit.UnitTestAdapter, Microsoft.VisualStudio.QualityTools.Tips.UnitTest.Adapter, Version=10.0.0.0, Culture=neutral, PublicKeyToken=b03f5f7f11d50a3a" className="projetSIABD.Tests.Controllers.HomeControllerTest, projetSIABD.Tests, Version=1.0.0.0, Culture=neutral, PublicKeyToken=null" name="Index" />
    </UnitTest>
    <UnitTest name="ChangePassword_Post_ReturnsRedirectOnSuccess" storage="c:\users\emmanuel\desktop\siabd\projet\projetsiabd\projetsiabd.tests\bin\debug\projetsiabd.tests.dll" id="336cb6a4-0825-a5b7-4a68-fc0aaa045ff4">
      <Execution id="ed944443-0422-482e-8d57-7b651c3049ad" />
      <TestMethod codeBase="C:/Users/Emmanuel/Desktop/siabd/projet/projetSIABD/projetSIABD.Tests/bin/Debug/projetSIABD.Tests.DLL" adapterTypeName="Microsoft.VisualStudio.TestTools.TestTypes.Unit.UnitTestAdapter, Microsoft.VisualStudio.QualityTools.Tips.UnitTest.Adapter, Version=10.0.0.0, Culture=neutral, PublicKeyToken=b03f5f7f11d50a3a" className="projetSIABD.Tests.Controllers.AccountControllerTest, projetSIABD.Tests, Version=1.0.0.0, Culture=neutral, PublicKeyToken=null" name="ChangePassword_Post_ReturnsRedirectOnSuccess" />
    </UnitTest>
    <UnitTest name="LogOn_Post_ReturnsViewIfValidateUserFails" storage="c:\users\emmanuel\desktop\siabd\projet\projetsiabd\projetsiabd.tests\bin\debug\projetsiabd.tests.dll" id="ac0f042e-ae9a-2786-6a9a-3630e0ca324a">
      <Execution id="0272f2e7-18c8-4658-893c-2413c3790719" />
      <TestMethod codeBase="C:/Users/Emmanuel/Desktop/siabd/projet/projetSIABD/projetSIABD.Tests/bin/Debug/projetSIABD.Tests.DLL" adapterTypeName="Microsoft.VisualStudio.TestTools.TestTypes.Unit.UnitTestAdapter, Microsoft.VisualStudio.QualityTools.Tips.UnitTest.Adapter, Version=10.0.0.0, Culture=neutral, PublicKeyToken=b03f5f7f11d50a3a" className="projetSIABD.Tests.Controllers.AccountControllerTest, projetSIABD.Tests, Version=1.0.0.0, Culture=neutral, PublicKeyToken=null" name="LogOn_Post_ReturnsViewIfValidateUserFails" />
    </UnitTest>
    <UnitTest name="Register_Post_ReturnsViewIfRegistrationFails" storage="c:\users\emmanuel\desktop\siabd\projet\projetsiabd\projetsiabd.tests\bin\debug\projetsiabd.tests.dll" id="3d77df01-c586-fe40-f81d-e8a328cce2eb">
      <Execution id="46ba5957-81c4-4b0c-9da6-d0f5d939cb24" />
      <TestMethod codeBase="C:/Users/Emmanuel/Desktop/siabd/projet/projetSIABD/projetSIABD.Tests/bin/Debug/projetSIABD.Tests.DLL" adapterTypeName="Microsoft.VisualStudio.TestTools.TestTypes.Unit.UnitTestAdapter, Microsoft.VisualStudio.QualityTools.Tips.UnitTest.Adapter, Version=10.0.0.0, Culture=neutral, PublicKeyToken=b03f5f7f11d50a3a" className="projetSIABD.Tests.Controllers.AccountControllerTest, projetSIABD.Tests, Version=1.0.0.0, Culture=neutral, PublicKeyToken=null" name="Register_Post_ReturnsViewIfRegistrationFails" />
    </UnitTest>
    <UnitTest name="LogOff_LogsOutAndRedirects" storage="c:\users\emmanuel\desktop\siabd\projet\projetsiabd\projetsiabd.tests\bin\debug\projetsiabd.tests.dll" id="0bd9dd26-3e93-03dc-8a0b-f43c075d2a6a">
      <Execution id="31203764-e19f-44fa-a12b-6be7af5fb141" />
      <TestMethod codeBase="C:/Users/Emmanuel/Desktop/siabd/projet/projetSIABD/projetSIABD.Tests/bin/Debug/projetSIABD.Tests.DLL" adapterTypeName="Microsoft.VisualStudio.TestTools.TestTypes.Unit.UnitTestAdapter, Microsoft.VisualStudio.QualityTools.Tips.UnitTest.Adapter, Version=10.0.0.0, Culture=neutral, PublicKeyToken=b03f5f7f11d50a3a" className="projetSIABD.Tests.Controllers.AccountControllerTest, projetSIABD.Tests, Version=1.0.0.0, Culture=neutral, PublicKeyToken=null" name="LogOff_LogsOutAndRedirects" />
    </UnitTest>
    <UnitTest name="About" storage="c:\users\emmanuel\desktop\siabd\projet\projetsiabd\projetsiabd.tests\bin\debug\projetsiabd.tests.dll" id="175d46b5-0796-765b-5032-96984d333ae4">
      <Execution id="b07407a6-62f3-4385-b7e4-865b773d8c35" />
      <TestMethod codeBase="C:/Users/Emmanuel/Desktop/siabd/projet/projetSIABD/projetSIABD.Tests/bin/Debug/projetSIABD.Tests.DLL" adapterTypeName="Microsoft.VisualStudio.TestTools.TestTypes.Unit.UnitTestAdapter, Microsoft.VisualStudio.QualityTools.Tips.UnitTest.Adapter, Version=10.0.0.0, Culture=neutral, PublicKeyToken=b03f5f7f11d50a3a" className="projetSIABD.Tests.Controllers.HomeControllerTest, projetSIABD.Tests, Version=1.0.0.0, Culture=neutral, PublicKeyToken=null" name="About" />
    </UnitTest>
    <UnitTest name="ChangePasswordSuccess_ReturnsView" storage="c:\users\emmanuel\desktop\siabd\projet\projetsiabd\projetsiabd.tests\bin\debug\projetsiabd.tests.dll" id="c3807333-c314-95de-3881-b87e1f746813">
      <Execution id="ca3b6e44-2a7b-429d-980b-f29c897f17f8" />
      <TestMethod codeBase="C:/Users/Emmanuel/Desktop/siabd/projet/projetSIABD/projetSIABD.Tests/bin/Debug/projetSIABD.Tests.DLL" adapterTypeName="Microsoft.VisualStudio.TestTools.TestTypes.Unit.UnitTestAdapter, Microsoft.VisualStudio.QualityTools.Tips.UnitTest.Adapter, Version=10.0.0.0, Culture=neutral, PublicKeyToken=b03f5f7f11d50a3a" className="projetSIABD.Tests.Controllers.AccountControllerTest, projetSIABD.Tests, Version=1.0.0.0, Culture=neutral, PublicKeyToken=null" name="ChangePasswordSuccess_ReturnsView" />
    </UnitTest>
    <UnitTest name="ChangePassword_Get_ReturnsView" storage="c:\users\emmanuel\desktop\siabd\projet\projetsiabd\projetsiabd.tests\bin\debug\projetsiabd.tests.dll" id="5ba04fc7-1450-1b69-1318-c8c65d226fb5">
      <Execution id="bab5ad19-f0ea-47b9-9ce5-62fd28daea3e" />
      <TestMethod codeBase="C:/Users/Emmanuel/Desktop/siabd/projet/projetSIABD/projetSIABD.Tests/bin/Debug/projetSIABD.Tests.DLL" adapterTypeName="Microsoft.VisualStudio.TestTools.TestTypes.Unit.UnitTestAdapter, Microsoft.VisualStudio.QualityTools.Tips.UnitTest.Adapter, Version=10.0.0.0, Culture=neutral, PublicKeyToken=b03f5f7f11d50a3a" className="projetSIABD.Tests.Controllers.AccountControllerTest, projetSIABD.Tests, Version=1.0.0.0, Culture=neutral, PublicKeyToken=null" name="ChangePassword_Get_ReturnsView" />
    </UnitTest>
    <UnitTest name="ChangePassword_Post_ReturnsViewIfChangePasswordFails" storage="c:\users\emmanuel\desktop\siabd\projet\projetsiabd\projetsiabd.tests\bin\debug\projetsiabd.tests.dll" id="3222c9d7-01ab-b77a-f609-93c94ea34946">
      <Execution id="2eae7519-0bdf-4157-ae60-dc44086f905e" />
      <TestMethod codeBase="C:/Users/Emmanuel/Desktop/siabd/projet/projetSIABD/projetSIABD.Tests/bin/Debug/projetSIABD.Tests.DLL" adapterTypeName="Microsoft.VisualStudio.TestTools.TestTypes.Unit.UnitTestAdapter, Microsoft.VisualStudio.QualityTools.Tips.UnitTest.Adapter, Version=10.0.0.0, Culture=neutral, PublicKeyToken=b03f5f7f11d50a3a" className="projetSIABD.Tests.Controllers.AccountControllerTest, projetSIABD.Tests, Version=1.0.0.0, Culture=neutral, PublicKeyToken=null" name="ChangePassword_Post_ReturnsViewIfChangePasswordFails" />
    </UnitTest>
    <UnitTest name="LogOn_Post_ReturnsRedirectOnSuccess_WithReturnUrl" storage="c:\users\emmanuel\desktop\siabd\projet\projetsiabd\projetsiabd.tests\bin\debug\projetsiabd.tests.dll" id="4fa759ec-98e7-c948-1855-d039d31c55de">
      <Execution id="12a4516d-77aa-4414-a29e-e9765677b7f9" />
      <TestMethod codeBase="C:/Users/Emmanuel/Desktop/siabd/projet/projetSIABD/projetSIABD.Tests/bin/Debug/projetSIABD.Tests.DLL" adapterTypeName="Microsoft.VisualStudio.TestTools.TestTypes.Unit.UnitTestAdapter, Microsoft.VisualStudio.QualityTools.Tips.UnitTest.Adapter, Version=10.0.0.0, Culture=neutral, PublicKeyToken=b03f5f7f11d50a3a" className="projetSIABD.Tests.Controllers.AccountControllerTest, projetSIABD.Tests, Version=1.0.0.0, Culture=neutral, PublicKeyToken=null" name="LogOn_Post_ReturnsRedirectOnSuccess_WithReturnUrl" />
    </UnitTest>
    <UnitTest name="LogOn_Post_ReturnsViewIfModelStateIsInvalid" storage="c:\users\emmanuel\desktop\siabd\projet\projetsiabd\projetsiabd.tests\bin\debug\projetsiabd.tests.dll" id="417dc34d-b47d-345c-6ce8-4fad596356b2">
      <Execution id="cbf96838-2706-423a-b26e-c0037f3ce07f" />
      <TestMethod codeBase="C:/Users/Emmanuel/Desktop/siabd/projet/projetSIABD/projetSIABD.Tests/bin/Debug/projetSIABD.Tests.DLL" adapterTypeName="Microsoft.VisualStudio.TestTools.TestTypes.Unit.UnitTestAdapter, Microsoft.VisualStudio.QualityTools.Tips.UnitTest.Adapter, Version=10.0.0.0, Culture=neutral, PublicKeyToken=b03f5f7f11d50a3a" className="projetSIABD.Tests.Controllers.AccountControllerTest, projetSIABD.Tests, Version=1.0.0.0, Culture=neutral, PublicKeyToken=null" name="LogOn_Post_ReturnsViewIfModelStateIsInvalid" />
    </UnitTest>
    <UnitTest name="LogOn_Post_ReturnsRedirectOnSuccess_WithoutReturnUrl" storage="c:\users\emmanuel\desktop\siabd\projet\projetsiabd\projetsiabd.tests\bin\debug\projetsiabd.tests.dll" id="b62c31e1-1c69-bc90-7826-1f029851c6d0">
      <Execution id="8c7dc032-c467-4b92-9446-3aa03d67432d" />
      <TestMethod codeBase="C:/Users/Emmanuel/Desktop/siabd/projet/projetSIABD/projetSIABD.Tests/bin/Debug/projetSIABD.Tests.DLL" adapterTypeName="Microsoft.VisualStudio.TestTools.TestTypes.Unit.UnitTestAdapter, Microsoft.VisualStudio.QualityTools.Tips.UnitTest.Adapter, Version=10.0.0.0, Culture=neutral, PublicKeyToken=b03f5f7f11d50a3a" className="projetSIABD.Tests.Controllers.AccountControllerTest, projetSIABD.Tests, Version=1.0.0.0, Culture=neutral, PublicKeyToken=null" name="LogOn_Post_ReturnsRedirectOnSuccess_WithoutReturnUrl" />
    </UnitTest>
  </TestDefinitions>
  <TestLists>
    <TestList name="Les résultats ne figurent pas dans une liste" id="8c84fa94-04c1-424b-9868-57a2d4851a1d" />
    <TestList name="Tous les résultats chargés" id="19431567-8539-422a-85d7-44ee4e166bda" />
  </TestLists>
  <TestEntries>
    <TestEntry testId="5dd20394-cfe9-ad1e-4792-410aa2308cfa" executionId="f4d7a053-e15b-419a-81f7-bf0812bce3fe" testListId="8c84fa94-04c1-424b-9868-57a2d4851a1d" />
    <TestEntry testId="175d46b5-0796-765b-5032-96984d333ae4" executionId="b07407a6-62f3-4385-b7e4-865b773d8c35" testListId="8c84fa94-04c1-424b-9868-57a2d4851a1d" />
    <TestEntry testId="5ba04fc7-1450-1b69-1318-c8c65d226fb5" executionId="bab5ad19-f0ea-47b9-9ce5-62fd28daea3e" testListId="8c84fa94-04c1-424b-9868-57a2d4851a1d" />
    <TestEntry testId="336cb6a4-0825-a5b7-4a68-fc0aaa045ff4" executionId="ed944443-0422-482e-8d57-7b651c3049ad" testListId="8c84fa94-04c1-424b-9868-57a2d4851a1d" />
    <TestEntry testId="3222c9d7-01ab-b77a-f609-93c94ea34946" executionId="2eae7519-0bdf-4157-ae60-dc44086f905e" testListId="8c84fa94-04c1-424b-9868-57a2d4851a1d" />
    <TestEntry testId="9ad0fbbf-2966-36c0-0bae-d70e8c8655e6" executionId="0cedf7db-6a7d-4be8-9e66-bf5f10f9ed5b" testListId="8c84fa94-04c1-424b-9868-57a2d4851a1d" />
    <TestEntry testId="c3807333-c314-95de-3881-b87e1f746813" executionId="ca3b6e44-2a7b-429d-980b-f29c897f17f8" testListId="8c84fa94-04c1-424b-9868-57a2d4851a1d" />
    <TestEntry testId="0bd9dd26-3e93-03dc-8a0b-f43c075d2a6a" executionId="31203764-e19f-44fa-a12b-6be7af5fb141" testListId="8c84fa94-04c1-424b-9868-57a2d4851a1d" />
    <TestEntry testId="5ee921fc-a044-8942-f86f-77749095dc40" executionId="c2fca099-4e26-43bc-aa06-926bd06b60d5" testListId="8c84fa94-04c1-424b-9868-57a2d4851a1d" />
    <TestEntry testId="b62c31e1-1c69-bc90-7826-1f029851c6d0" executionId="8c7dc032-c467-4b92-9446-3aa03d67432d" testListId="8c84fa94-04c1-424b-9868-57a2d4851a1d" />
    <TestEntry testId="4fa759ec-98e7-c948-1855-d039d31c55de" executionId="12a4516d-77aa-4414-a29e-e9765677b7f9" testListId="8c84fa94-04c1-424b-9868-57a2d4851a1d" />
    <TestEntry testId="417dc34d-b47d-345c-6ce8-4fad596356b2" executionId="cbf96838-2706-423a-b26e-c0037f3ce07f" testListId="8c84fa94-04c1-424b-9868-57a2d4851a1d" />
    <TestEntry testId="ac0f042e-ae9a-2786-6a9a-3630e0ca324a" executionId="0272f2e7-18c8-4658-893c-2413c3790719" testListId="8c84fa94-04c1-424b-9868-57a2d4851a1d" />
    <TestEntry testId="a41d7477-b448-cf21-9d1b-32930fd14623" executionId="ae4fdb67-6d25-4115-bd4d-19a2ce54668f" testListId="8c84fa94-04c1-424b-9868-57a2d4851a1d" />
    <TestEntry testId="50136e7f-047e-2233-eda8-527ac172e89b" executionId="4a812988-cf18-4b4b-95af-7507848535b6" testListId="8c84fa94-04c1-424b-9868-57a2d4851a1d" />
    <TestEntry testId="3d77df01-c586-fe40-f81d-e8a328cce2eb" executionId="46ba5957-81c4-4b0c-9da6-d0f5d939cb24" testListId="8c84fa94-04c1-424b-9868-57a2d4851a1d" />
    <TestEntry testId="b0e15bb5-66eb-1e24-6ae3-55f2dc425e75" executionId="ff8843e4-925c-462a-8aa1-39fa1ac876f4" testListId="8c84fa94-04c1-424b-9868-57a2d4851a1d" />
  </TestEntries>
  <Results>
    <UnitTestResult executionId="f4d7a053-e15b-419a-81f7-bf0812bce3fe" testId="5dd20394-cfe9-ad1e-4792-410aa2308cfa" testName="Index" computerName="EMMANUEL-PC" duration="00:00:00.0171344" startTime="2013-01-12T19:34:33.0447667+01:00" endTime="2013-01-12T19:34:33.8838147+01:00" testType="13cdc9d9-ddb5-4fa4-a97d-d965ccfc6d4b" outcome="Passed" testListId="8c84fa94-04c1-424b-9868-57a2d4851a1d" relativeResultsDirectory="f4d7a053-e15b-419a-81f7-bf0812bce3fe">
    </UnitTestResult>
    <UnitTestResult executionId="b07407a6-62f3-4385-b7e4-865b773d8c35" testId="175d46b5-0796-765b-5032-96984d333ae4" testName="About" computerName="EMMANUEL-PC" duration="00:00:00.0002547" startTime="2013-01-12T19:34:33.8908151+01:00" endTime="2013-01-12T19:34:33.8978155+01:00" testType="13cdc9d9-ddb5-4fa4-a97d-d965ccfc6d4b" outcome="Passed" testListId="8c84fa94-04c1-424b-9868-57a2d4851a1d" relativeResultsDirectory="b07407a6-62f3-4385-b7e4-865b773d8c35">
    </UnitTestResult>
    <UnitTestResult executionId="bab5ad19-f0ea-47b9-9ce5-62fd28daea3e" testId="5ba04fc7-1450-1b69-1318-c8c65d226fb5" testName="ChangePassword_Get_ReturnsView" computerName="EMMANUEL-PC" duration="00:00:00.0132121" startTime="2013-01-12T19:34:33.9088162+01:00" endTime="2013-01-12T19:34:33.9278172+01:00" testType="13cdc9d9-ddb5-4fa4-a97d-d965ccfc6d4b" outcome="Passed" testListId="8c84fa94-04c1-424b-9868-57a2d4851a1d" relativeResultsDirectory="bab5ad19-f0ea-47b9-9ce5-62fd28daea3e">
    </UnitTestResult>
    <UnitTestResult executionId="ed944443-0422-482e-8d57-7b651c3049ad" testId="336cb6a4-0825-a5b7-4a68-fc0aaa045ff4" testName="ChangePassword_Post_ReturnsRedirectOnSuccess" computerName="EMMANUEL-PC" duration="00:00:00.0085424" startTime="2013-01-12T19:34:33.9308174+01:00" endTime="2013-01-12T19:34:33.9458183+01:00" testType="13cdc9d9-ddb5-4fa4-a97d-d965ccfc6d4b" outcome="Passed" testListId="8c84fa94-04c1-424b-9868-57a2d4851a1d" relativeResultsDirectory="ed944443-0422-482e-8d57-7b651c3049ad">
    </UnitTestResult>
    <UnitTestResult executionId="2eae7519-0bdf-4157-ae60-dc44086f905e" testId="3222c9d7-01ab-b77a-f609-93c94ea34946" testName="ChangePassword_Post_ReturnsViewIfChangePasswordFails" computerName="EMMANUEL-PC" duration="00:00:00.0020378" startTime="2013-01-12T19:34:33.9478184+01:00" endTime="2013-01-12T19:34:33.9558188+01:00" testType="13cdc9d9-ddb5-4fa4-a97d-d965ccfc6d4b" outcome="Passed" testListId="8c84fa94-04c1-424b-9868-57a2d4851a1d" relativeResultsDirectory="2eae7519-0bdf-4157-ae60-dc44086f905e">
    </UnitTestResult>
    <UnitTestResult executionId="0cedf7db-6a7d-4be8-9e66-bf5f10f9ed5b" testId="9ad0fbbf-2966-36c0-0bae-d70e8c8655e6" testName="ChangePassword_Post_ReturnsViewIfModelStateIsInvalid" computerName="EMMANUEL-PC" duration="00:00:00.0004286" startTime="2013-01-12T19:34:33.9588190+01:00" endTime="2013-01-12T19:34:33.9658194+01:00" testType="13cdc9d9-ddb5-4fa4-a97d-d965ccfc6d4b" outcome="Passed" testListId="8c84fa94-04c1-424b-9868-57a2d4851a1d" relativeResultsDirectory="0cedf7db-6a7d-4be8-9e66-bf5f10f9ed5b">
    </UnitTestResult>
    <UnitTestResult executionId="ca3b6e44-2a7b-429d-980b-f29c897f17f8" testId="c3807333-c314-95de-3881-b87e1f746813" testName="ChangePasswordSuccess_ReturnsView" computerName="EMMANUEL-PC" duration="00:00:00.0002629" startTime="2013-01-12T19:34:33.9708197+01:00" endTime="2013-01-12T19:34:33.9768200+01:00" testType="13cdc9d9-ddb5-4fa4-a97d-d965ccfc6d4b" outcome="Passed" testListId="8c84fa94-04c1-424b-9868-57a2d4851a1d" relativeResultsDirectory="ca3b6e44-2a7b-429d-980b-f29c897f17f8">
    </UnitTestResult>
    <UnitTestResult executionId="31203764-e19f-44fa-a12b-6be7af5fb141" testId="0bd9dd26-3e93-03dc-8a0b-f43c075d2a6a" testName="LogOff_LogsOutAndRedirects" computerName="EMMANUEL-PC" duration="00:00:00.0006517" startTime="2013-01-12T19:34:33.9808203+01:00" endTime="2013-01-12T19:34:33.9878207+01:00" testType="13cdc9d9-ddb5-4fa4-a97d-d965ccfc6d4b" outcome="Passed" testListId="8c84fa94-04c1-424b-9868-57a2d4851a1d" relativeResultsDirectory="31203764-e19f-44fa-a12b-6be7af5fb141">
    </UnitTestResult>
    <UnitTestResult executionId="c2fca099-4e26-43bc-aa06-926bd06b60d5" testId="5ee921fc-a044-8942-f86f-77749095dc40" testName="LogOn_Get_ReturnsView" computerName="EMMANUEL-PC" duration="00:00:00.0002801" startTime="2013-01-12T19:34:33.9948211+01:00" endTime="2013-01-12T19:34:34.0018215+01:00" testType="13cdc9d9-ddb5-4fa4-a97d-d965ccfc6d4b" outcome="Passed" testListId="8c84fa94-04c1-424b-9868-57a2d4851a1d" relativeResultsDirectory="c2fca099-4e26-43bc-aa06-926bd06b60d5">
    </UnitTestResult>
    <UnitTestResult executionId="8c7dc032-c467-4b92-9446-3aa03d67432d" testId="b62c31e1-1c69-bc90-7826-1f029851c6d0" testName="LogOn_Post_ReturnsRedirectOnSuccess_WithoutReturnUrl" computerName="EMMANUEL-PC" duration="00:00:00.0012403" startTime="2013-01-12T19:34:34.0058217+01:00" endTime="2013-01-12T19:34:34.0128221+01:00" testType="13cdc9d9-ddb5-4fa4-a97d-d965ccfc6d4b" outcome="Passed" testListId="8c84fa94-04c1-424b-9868-57a2d4851a1d" relativeResultsDirectory="8c7dc032-c467-4b92-9446-3aa03d67432d">
    </UnitTestResult>
    <UnitTestResult executionId="12a4516d-77aa-4414-a29e-e9765677b7f9" testId="4fa759ec-98e7-c948-1855-d039d31c55de" testName="LogOn_Post_ReturnsRedirectOnSuccess_WithReturnUrl" computerName="EMMANUEL-PC" duration="00:00:00.0007814" startTime="2013-01-12T19:34:34.0368235+01:00" endTime="2013-01-12T19:34:34.0438239+01:00" testType="13cdc9d9-ddb5-4fa4-a97d-d965ccfc6d4b" outcome="Passed" testListId="8c84fa94-04c1-424b-9868-57a2d4851a1d" relativeResultsDirectory="12a4516d-77aa-4414-a29e-e9765677b7f9">
    </UnitTestResult>
    <UnitTestResult executionId="cbf96838-2706-423a-b26e-c0037f3ce07f" testId="417dc34d-b47d-345c-6ce8-4fad596356b2" testName="LogOn_Post_ReturnsViewIfModelStateIsInvalid" computerName="EMMANUEL-PC" duration="00:00:00.0002692" startTime="2013-01-12T19:34:34.0478241+01:00" endTime="2013-01-12T19:34:34.0538244+01:00" testType="13cdc9d9-ddb5-4fa4-a97d-d965ccfc6d4b" outcome="Passed" testListId="8c84fa94-04c1-424b-9868-57a2d4851a1d" relativeResultsDirectory="cbf96838-2706-423a-b26e-c0037f3ce07f">
    </UnitTestResult>
    <UnitTestResult executionId="0272f2e7-18c8-4658-893c-2413c3790719" testId="ac0f042e-ae9a-2786-6a9a-3630e0ca324a" testName="LogOn_Post_ReturnsViewIfValidateUserFails" computerName="EMMANUEL-PC" duration="00:00:00.0003253" startTime="2013-01-12T19:34:34.0598248+01:00" endTime="2013-01-12T19:34:34.0658251+01:00" testType="13cdc9d9-ddb5-4fa4-a97d-d965ccfc6d4b" outcome="Passed" testListId="8c84fa94-04c1-424b-9868-57a2d4851a1d" relativeResultsDirectory="0272f2e7-18c8-4658-893c-2413c3790719">
    </UnitTestResult>
    <UnitTestResult executionId="ae4fdb67-6d25-4115-bd4d-19a2ce54668f" testId="a41d7477-b448-cf21-9d1b-32930fd14623" testName="Register_Get_ReturnsView" computerName="EMMANUEL-PC" duration="00:00:00.0003634" startTime="2013-01-12T19:34:34.0688253+01:00" endTime="2013-01-12T19:34:34.0748256+01:00" testType="13cdc9d9-ddb5-4fa4-a97d-d965ccfc6d4b" outcome="Passed" testListId="8c84fa94-04c1-424b-9868-57a2d4851a1d" relativeResultsDirectory="ae4fdb67-6d25-4115-bd4d-19a2ce54668f">
    </UnitTestResult>
    <UnitTestResult executionId="4a812988-cf18-4b4b-95af-7507848535b6" testId="50136e7f-047e-2233-eda8-527ac172e89b" testName="Register_Post_ReturnsRedirectOnSuccess" computerName="EMMANUEL-PC" duration="00:00:00.0012107" startTime="2013-01-12T19:34:34.0978270+01:00" endTime="2013-01-12T19:34:34.1048274+01:00" testType="13cdc9d9-ddb5-4fa4-a97d-d965ccfc6d4b" outcome="Passed" testListId="8c84fa94-04c1-424b-9868-57a2d4851a1d" relativeResultsDirectory="4a812988-cf18-4b4b-95af-7507848535b6">
    </UnitTestResult>
    <UnitTestResult executionId="46ba5957-81c4-4b0c-9da6-d0f5d939cb24" testId="3d77df01-c586-fe40-f81d-e8a328cce2eb" testName="Register_Post_ReturnsViewIfRegistrationFails" computerName="EMMANUEL-PC" duration="00:00:00.0010450" startTime="2013-01-12T19:34:34.1068275+01:00" endTime="2013-01-12T19:34:34.1208283+01:00" testType="13cdc9d9-ddb5-4fa4-a97d-d965ccfc6d4b" outcome="Passed" testListId="8c84fa94-04c1-424b-9868-57a2d4851a1d" relativeResultsDirectory="46ba5957-81c4-4b0c-9da6-d0f5d939cb24">
    </UnitTestResult>
    <UnitTestResult executionId="ff8843e4-925c-462a-8aa1-39fa1ac876f4" testId="b0e15bb5-66eb-1e24-6ae3-55f2dc425e75" testName="Register_Post_ReturnsViewIfModelStateIsInvalid" computerName="EMMANUEL-PC" duration="00:00:00.0006263" startTime="2013-01-12T19:34:34.1448297+01:00" endTime="2013-01-12T19:34:34.1598305+01:00" testType="13cdc9d9-ddb5-4fa4-a97d-d965ccfc6d4b" outcome="Passed" testListId="8c84fa94-04c1-424b-9868-57a2d4851a1d" relativeResultsDirectory="ff8843e4-925c-462a-8aa1-39fa1ac876f4">
    </UnitTestResult>
  </Results>
</TestRun>